// Jest Snapshot v1, https://goo.gl/fbAQLP

exports[`Button renders correctly 1`] = `
<Modal
  animationType="none"
  hardwareAccelerated={false}
  onModalHide={[Function]}
  onRequestClose={[Function]}
  transparent={true}
  visible={true}
>
  <View
    accessibilityComponentType={undefined}
    accessibilityLabel={undefined}
    accessibilityTraits={undefined}
    accessible={true}
    collapsable={undefined}
    hitSlop={undefined}
    nativeID={undefined}
    onLayout={undefined}
    onResponderGrant={[Function]}
    onResponderMove={[Function]}
    onResponderRelease={[Function]}
    onResponderTerminate={[Function]}
    onResponderTerminationRequest={[Function]}
    onStartShouldSetResponder={[Function]}
    style={
      Object {
        "backgroundColor": "black",
        "bottom": 0,
        "height": 1334,
        "left": 0,
        "opacity": 0,
        "position": "absolute",
        "right": 0,
        "top": 0,
        "width": 750,
      }
    }
    testID={undefined}
  />
  <View
    collapsable={undefined}
    onModalHide={[Function]}
    pointerEvents="box-none"
    style={
      Object {
        "flex": 1,
        "justifyContent": "center",
        "margin": 37.5,
        "transform": Array [
          Object {
            "translateY": 1334,
          },
        ],
      }
    }
  >
    <View
      style={
        Object {
          "alignItems": "center",
          "backgroundColor": "#ADF1D2",
          "justifyContent": "center",
          "padding": 20,
        }
      }
    >
      <Text
        accessible={true}
        allowFontScaling={true}
        ellipsizeMode="tail"
        style={
          Array [
            Object {
              "color": "#553555",
              "fontFamily": "poppins",
            },
            Object {
              "color": "#553555",
              "fontFamily": "poppins",
              "fontSize": 20,
            },
            Object {
              "marginBottom": 20,
            },
          ]
        }
        type="header"
      >
        Oops, there was a problem with that image
      </Text>
      <Text
        accessible={true}
        allowFontScaling={true}
        ellipsizeMode="tail"
        style={
          Array [
            Object {
              "color": "#553555",
              "fontFamily": "poppins",
            },
            undefined,
            Object {
              "width": "100%",
            },
          ]
        }
      >
        Please search and then select the home team in the image.
      </Text>
      <TextInput
        allowFontScaling={true}
        autoFocus={true}
        height={50}
        onChangeText={[Function]}
        placeholder="Football club name"
        width="100%"
      />
      <Text
        accessible={true}
        allowFontScaling={true}
        ellipsizeMode="tail"
        style={
          Array [
            Object {
              "color": "#553555",
              "fontFamily": "poppins",
            },
            Object {
              "color": "#553555",
              "fontFamily": "poppins",
              "fontSize": 18,
            },
            undefined,
          ]
        }
        type="subHeader"
        width="100%"
      >
        Result:
      </Text>
      <RCTScrollView
        keyboardShouldPersistTaps="handled"
        style={
          Object {
            "width": "100%",
          }
        }
      >
        <View>
          <View
            accessibilityComponentType={undefined}
            accessibilityLabel={undefined}
            accessibilityTraits={undefined}
            accessible={true}
            collapsable={undefined}
            hasTVPreferredFocus={undefined}
            hitSlop={undefined}
            isTVSelectable={true}
            nativeID={undefined}
            onLayout={undefined}
            onResponderGrant={[Function]}
            onResponderMove={[Function]}
            onResponderRelease={[Function]}
            onResponderTerminate={[Function]}
            onResponderTerminationRequest={[Function]}
            onStartShouldSetResponder={[Function]}
            style={
              Object {
                "opacity": 1,
              }
            }
            testID={undefined}
            tvParallaxProperties={undefined}
          >
            <View
              alignItems="center"
              flexDirection="row"
              justifyContent="space-between"
              width="100%"
            >
              <View
                marginVertical={10}
                width="60%"
              >
                <View
                  flexDirection="row"
                >
                  <Text
                    accessible={true}
                    allowFontScaling={true}
                    ellipsizeMode="tail"
                    style={
                      Array [
                        Object {
                          "color": "#553555",
                          "fontFamily": "poppins",
                        },
                        Object {
                          "color": "#553555",
                          "fontFamily": "poppins-bold",
                        },
                        undefined,
                      ]
                    }
                    type="bold"
                  >
                    Club: 
                  </Text>
                  <Text
                    accessible={true}
                    allowFontScaling={true}
                    ellipsizeMode="tail"
                    style={
                      Array [
                        Object {
                          "color": "#553555",
                          "fontFamily": "poppins",
                        },
                        undefined,
                        undefined,
                      ]
                    }
                  >
                    Real Madrid Castilla
                  </Text>
                </View>
                <View
                  flexDirection="row"
                >
                  <Text
                    accessible={true}
                    allowFontScaling={true}
                    ellipsizeMode="tail"
                    style={
                      Array [
                        Object {
                          "color": "#553555",
                          "fontFamily": "poppins",
                        },
                        Object {
                          "color": "#553555",
                          "fontFamily": "poppins-bold",
                        },
                        undefined,
                      ]
                    }
                    type="bold"
                  >
                    Stadium: 
                  </Text>
                  <Text
                    accessible={true}
                    allowFontScaling={true}
                    ellipsizeMode="tail"
                    numberOfLines={1}
                    style={
                      Array [
                        Object {
                          "color": "#553555",
                          "fontFamily": "poppins",
                        },
                        undefined,
                        undefined,
                      ]
                    }
                  >
                    Alfredo di St√©fano Stadium
                  </Text>
                </View>
              </View>
              <Text
                accessible={true}
                allowFontScaling={true}
                ellipsizeMode="tail"
                style={
                  Array [
                    Object {
                      "color": "#553555",
                      "fontFamily": "poppins",
                    },
                    undefined,
                    Object {
                      "alignItems": "center",
                      "borderColor": "#553555",
                      "borderRadius": 5,
                      "borderWidth": 1,
                      "justifyContent": "center",
                      "padding": 5,
                    },
                  ]
                }
              >
                Select
              </Text>
            </View>
          </View>
          <View
            accessibilityComponentType={undefined}
            accessibilityLabel={undefined}
            accessibilityTraits={undefined}
            accessible={true}
            collapsable={undefined}
            hasTVPreferredFocus={undefined}
            hitSlop={undefined}
            isTVSelectable={true}
            nativeID={undefined}
            onLayout={undefined}
            onResponderGrant={[Function]}
            onResponderMove={[Function]}
            onResponderRelease={[Function]}
            onResponderTerminate={[Function]}
            onResponderTerminationRequest={[Function]}
            onStartShouldSetResponder={[Function]}
            style={
              Object {
                "opacity": 1,
              }
            }
            testID={undefined}
            tvParallaxProperties={undefined}
          >
            <View
              alignItems="center"
              flexDirection="row"
              justifyContent="space-between"
              width="100%"
            >
              <View
                marginVertical={10}
                width="60%"
              >
                <View
                  flexDirection="row"
                >
                  <Text
                    accessible={true}
                    allowFontScaling={true}
                    ellipsizeMode="tail"
                    style={
                      Array [
                        Object {
                          "color": "#553555",
                          "fontFamily": "poppins",
                        },
                        Object {
                          "color": "#553555",
                          "fontFamily": "poppins-bold",
                        },
                        undefined,
                      ]
                    }
                    type="bold"
                  >
                    Club: 
                  </Text>
                  <Text
                    accessible={true}
                    allowFontScaling={true}
                    ellipsizeMode="tail"
                    style={
                      Array [
                        Object {
                          "color": "#553555",
                          "fontFamily": "poppins",
                        },
                        undefined,
                        undefined,
                      ]
                    }
                  >
                    Real Madrid Club de F√∫tbol
                  </Text>
                </View>
                <View
                  flexDirection="row"
                >
                  <Text
                    accessible={true}
                    allowFontScaling={true}
                    ellipsizeMode="tail"
                    style={
                      Array [
                        Object {
                          "color": "#553555",
                          "fontFamily": "poppins",
                        },
                        Object {
                          "color": "#553555",
                          "fontFamily": "poppins-bold",
                        },
                        undefined,
                      ]
                    }
                    type="bold"
                  >
                    Stadium: 
                  </Text>
                  <Text
                    accessible={true}
                    allowFontScaling={true}
                    ellipsizeMode="tail"
                    numberOfLines={1}
                    style={
                      Array [
                        Object {
                          "color": "#553555",
                          "fontFamily": "poppins",
                        },
                        undefined,
                        undefined,
                      ]
                    }
                  >
                    Santiago Bernab√©u Stadium
                  </Text>
                </View>
              </View>
              <Text
                accessible={true}
                allowFontScaling={true}
                ellipsizeMode="tail"
                style={
                  Array [
                    Object {
                      "color": "#553555",
                      "fontFamily": "poppins",
                    },
                    undefined,
                    Object {
                      "alignItems": "center",
                      "borderColor": "#553555",
                      "borderRadius": 5,
                      "borderWidth": 1,
                      "justifyContent": "center",
                      "padding": 5,
                    },
                  ]
                }
              >
                Select
              </Text>
            </View>
          </View>
          <View
            accessibilityComponentType={undefined}
            accessibilityLabel={undefined}
            accessibilityTraits={undefined}
            accessible={true}
            collapsable={undefined}
            hasTVPreferredFocus={undefined}
            hitSlop={undefined}
            isTVSelectable={true}
            nativeID={undefined}
            onLayout={undefined}
            onResponderGrant={[Function]}
            onResponderMove={[Function]}
            onResponderRelease={[Function]}
            onResponderTerminate={[Function]}
            onResponderTerminationRequest={[Function]}
            onStartShouldSetResponder={[Function]}
            style={
              Object {
                "opacity": 1,
              }
            }
            testID={undefined}
            tvParallaxProperties={undefined}
          >
            <View
              alignItems="center"
              flexDirection="row"
              justifyContent="space-between"
              width="100%"
            >
              <View
                marginVertical={10}
                width="60%"
              >
                <View
                  flexDirection="row"
                >
                  <Text
                    accessible={true}
                    allowFontScaling={true}
                    ellipsizeMode="tail"
                    style={
                      Array [
                        Object {
                          "color": "#553555",
                          "fontFamily": "poppins",
                        },
                        Object {
                          "color": "#553555",
                          "fontFamily": "poppins-bold",
                        },
                        undefined,
                      ]
                    }
                    type="bold"
                  >
                    Club: 
                  </Text>
                  <Text
                    accessible={true}
                    allowFontScaling={true}
                    ellipsizeMode="tail"
                    style={
                      Array [
                        Object {
                          "color": "#553555",
                          "fontFamily": "poppins",
                        },
                        undefined,
                        undefined,
                      ]
                    }
                  >
                    Real Madrid FC
                  </Text>
                </View>
                <View
                  flexDirection="row"
                >
                  <Text
                    accessible={true}
                    allowFontScaling={true}
                    ellipsizeMode="tail"
                    style={
                      Array [
                        Object {
                          "color": "#553555",
                          "fontFamily": "poppins",
                        },
                        Object {
                          "color": "#553555",
                          "fontFamily": "poppins-bold",
                        },
                        undefined,
                      ]
                    }
                    type="bold"
                  >
                    Stadium: 
                  </Text>
                  <Text
                    accessible={true}
                    allowFontScaling={true}
                    ellipsizeMode="tail"
                    numberOfLines={1}
                    style={
                      Array [
                        Object {
                          "color": "#553555",
                          "fontFamily": "poppins",
                        },
                        undefined,
                        undefined,
                      ]
                    }
                  >
                    Juan Ram√≥n Loubriel Stadium
                  </Text>
                </View>
              </View>
              <Text
                accessible={true}
                allowFontScaling={true}
                ellipsizeMode="tail"
                style={
                  Array [
                    Object {
                      "color": "#553555",
                      "fontFamily": "poppins",
                    },
                    undefined,
                    Object {
                      "alignItems": "center",
                      "borderColor": "#553555",
                      "borderRadius": 5,
                      "borderWidth": 1,
                      "justifyContent": "center",
                      "padding": 5,
                    },
                  ]
                }
              >
                Select
              </Text>
            </View>
          </View>
        </View>
      </RCTScrollView>
    </View>
  </View>
</Modal>
`;
